// Jest Snapshot v1, https://goo.gl/fbAQLP

exports[`renders SuccessStories correctly 1`] = `
<div>
  <div
    className="container"
  >
    <form
      className=""
      onSubmit={[Function]}
    >
      <div
        className="form-group"
      >
        <label
          className="form-label"
        >
          formsection.DonationType
        </label>
        <select
          className="form-control"
          onChange={[Function]}
          required={true}
        >
          <option
            value="service"
          >
            formsection.DonationOption1
          </option>
          <option
            value="goods"
          >
            formsection.DonationOption2
          </option>
          <option
            value="money"
          >
            formsection.DonationOption3
          </option>
        </select>
      </div>
      <div
        className="form-group"
      >
        <label
          className="form-label"
        >
          formsection.PostTitle
        </label>
        <input
          className="form-control"
          onChange={[Function]}
          placeholder="formsection.PostTitle"
          required={true}
          type="text"
        />
      </div>
      <div
        className="form-group"
      >
        <label
          className="form-label"
        >
          formsection.PostDetailsForDonator
        </label>
        <textarea
          className="form-control"
          onChange={[Function]}
          required={true}
          rows={3}
        />
      </div>
      <div
        className="form-group"
      >
        <label
          className="form-label"
        >
          formsection.TargetGroup
           
        </label>
        <textarea
          className="form-control"
          onChange={[Function]}
          required={true}
          rows={3}
        />
      </div>
      <div
        className="form-group"
      >
        <label
          className="form-label"
        >
          formsection.ProfileName
           
        </label>
        <input
          className="form-control"
          onChange={[Function]}
          placeholder="formsection.ProfileName"
          required={true}
          type="text"
        />
      </div>
      <div
        className="form-group"
      >
        <label
          className="form-label"
        >
          formsection.AboutYou
        </label>
        <textarea
          className="form-control"
          onChange={[Function]}
          required={true}
          rows={3}
        />
      </div>
      <div
        className="form-group"
      >
        <div
          className="row"
        >
          <div
            className="col"
          >
            <label
              className="form-label"
            >
              formsection.City
            </label>
            <input
              className="form-control"
              onChange={[Function]}
              placeholder="formsection.City"
              required={true}
              type="text"
            />
          </div>
          <div
            className="col"
          >
            <label
              className="form-label"
            >
              formsection.ApplicationDate
            </label>
            <br />
            <input
              className="form-control"
              onChange={[Function]}
              required={true}
              type="date"
            />
          </div>
        </div>
      </div>
      <div
        className="justify-content-md-center row"
      >
        <button
          className="submitButton"
          type="submit"
        >
          formsection.Submit
        </button>
      </div>
    </form>
  </div>
</div>
`;
