// Jest Snapshot v1, https://goo.gl/fbAQLP

exports[`renders ProjectDescription correctly 1`] = `
<div
  className="projectDiscription"
  fluid="md"
>
  <div
    className="projectDescriptionRow row"
  >
    <div
      className="col-md-6"
    >
      <img
        alt="Team work"
        className="projectDescritionkImg"
        src="giftImg.jpg"
      />
    </div>
    <div
      className="col-md-6"
    >
      <div
        className="projectDescriptionHeaderAndParagraph"
      >
        <h1
          className="projectDescriptionHeader"
        >
          projectDescription.header
        </h1>
        <p
          className="projectDescriptionParagraph"
        >
          projectDescription.paragraph
        </p>
      </div>
    </div>
  </div>
</div>
`;
